<html>
<body>
<pre>
<h1>µVision Build Log</h1>
<h2>Tool Versions:</h2>
IDE-Version: ÂµVision V5.18.0.0
Copyright (C) 2016 ARM Ltd and ARM Germany GmbH. All rights reserved.
License Information: Shui Jiang, Zhejiang University, LIC=MPPLQ-NBKYW-12PLE-5YJ3U-JPC1H-GUZ87
 
Tool Versions:
Toolchain:       MDK-ARM Standard  Version: 5.18
Toolchain Path:  E:\Keil_v5\ARM\ARMCC\Bin
C Compiler:      Armcc.exe V5.06 update 1 (build 61)
Assembler:       Armasm.exe V5.06 update 1 (build 61)
Linker/Locator:  ArmLink.exe V5.06 update 1 (build 61)
Library Manager: ArmAr.exe V5.06 update 1 (build 61)
Hex Converter:   FromElf.exe V5.06 update 1 (build 61)
CPU DLL:         SARMCM3.DLL V5.18
Dialog DLL:      DCM.DLL V1.13.6.0
Target DLL:      Segger\JL2CM3.dll V2.99.18.0
Dialog DLL:      TCM.DLL V1.14.8.0
 
<h2>Project:</h2>
D:\study\ARM\LAB\LAB2\LAB4\USER\USART.uvprojx
Project File Date:  12/17/2020

<h2>Output:</h2>
*** Using Compiler 'V5.06 update 1 (build 61)', folder: 'E:\Keil_v5\ARM\ARMCC\Bin'
Build target 'USART'
compiling beep.c...
compiling key.c...
compiling system_stm32f4xx.c...
compiling stm32f4xx_it.c...
compiling led.c...
compiling main.c...
assembling startup_stm32f40_41xxx.s...
compiling lcd.c...
compiling delay.c...
compiling misc.c...
compiling sys.c...
compiling stm32f4xx_gpio.c...
compiling stm32f4xx_rcc.c...
compiling usart.c...
compiling stm32f4xx_syscfg.c...
compiling stm32f4xx_usart.c...
compiling stm32f4xx_fsmc.c...
linking...
Program Size: Code=21202 RO-data=466 RW-data=32 ZI-data=1848  
FromELF: creating hex file...
"..\OBJ\USART.axf" - 0 Error(s), 0 Warning(s).

<h2>Collection of Component include folders:</h2>
  D:\study\ARM\LAB\LAB2\LAB4\USER\RTE
  E:\Keil_v5\ARM\PACK\Keil\STM32F4xx_DFP\2.7.0\Drivers\CMSIS\Device\ST\STM32F4xx\Include

<h2>Collection of Component Files used:</h2>
Build Time Elapsed:  00:00:05
</pre>
</body>
</html>
